                              1 ;--------------------------------------------------------
                              2 ; File Created by SDCC : free open source ANSI-C Compiler
                              3 ; Version 4.0.0 #11528 (MINGW64)
                              4 ;--------------------------------------------------------
                              5 	.module test
                              6 	.optsdcc -mz80
                              7 	
                              8 ;--------------------------------------------------------
                              9 ; Public variables in this module
                             10 ;--------------------------------------------------------
                             11 	.globl _main
                             12 	.globl _delay
                             13 ;--------------------------------------------------------
                             14 ; special function registers
                             15 ;--------------------------------------------------------
                     0040    16 _GPIO1	=	0x0040
                             17 ;--------------------------------------------------------
                             18 ; ram data
                             19 ;--------------------------------------------------------
                             20 	.area _DATA
                             21 ;--------------------------------------------------------
                             22 ; ram data
                             23 ;--------------------------------------------------------
                             24 	.area _INITIALIZED
                             25 ;--------------------------------------------------------
                             26 ; absolute external ram data
                             27 ;--------------------------------------------------------
                             28 	.area _DABS (ABS)
                             29 ;--------------------------------------------------------
                             30 ; global & static initialisations
                             31 ;--------------------------------------------------------
                             32 	.area _HOME
                             33 	.area _GSINIT
                             34 	.area _GSFINAL
                             35 	.area _GSINIT
                             36 ;--------------------------------------------------------
                             37 ; Home
                             38 ;--------------------------------------------------------
                             39 	.area _HOME
                             40 	.area _HOME
                             41 ;--------------------------------------------------------
                             42 ; code
                             43 ;--------------------------------------------------------
                             44 	.area _CODE
                             45 ;test.c:4: void delay(int j)
                             46 ;	---------------------------------
                             47 ; Function delay
                             48 ; ---------------------------------
   0000                      49 _delay::
                             50 ;test.c:7: for(i=0; i<j; i++)
   0000 01 00 00      [10]   51 	ld	bc, #0x0000
   0003                      52 00104$:
   0003 21 02 00      [10]   53 	ld	hl, #2
   0006 39            [11]   54 	add	hl, sp
   0007 79            [ 4]   55 	ld	a, c
   0008 96            [ 7]   56 	sub	a, (hl)
   0009 78            [ 4]   57 	ld	a, b
   000A 23            [ 6]   58 	inc	hl
   000B 9E            [ 7]   59 	sbc	a, (hl)
   000C E2r11r00      [10]   60 	jp	PO, 00118$
   000F EE 80         [ 7]   61 	xor	a, #0x80
   0011                      62 00118$:
   0011 F0            [11]   63 	ret	P
   0012 03            [ 6]   64 	inc	bc
                             65 ;test.c:9: }
   0013 18 EE         [12]   66 	jr	00104$
                             67 ;test.c:11: main()
                             68 ;	---------------------------------
                             69 ; Function main
                             70 ; ---------------------------------
   0015                      71 _main::
                             72 ;test.c:14: while(1)
   0015 01 00 00      [10]   73 	ld	bc, #0x0000
   0018                      74 00102$:
                             75 ;test.c:16: GPIO1=n++;
   0018 79            [ 4]   76 	ld	a, c
   0019 D3 40         [11]   77 	out	(_GPIO1), a
   001B 03            [ 6]   78 	inc	bc
                             79 ;test.c:17: delay(500);
   001C C5            [11]   80 	push	bc
   001D 21 F4 01      [10]   81 	ld	hl, #0x01f4
   0020 E5            [11]   82 	push	hl
   0021 CDr00r00      [17]   83 	call	_delay
   0024 F1            [10]   84 	pop	af
   0025 C1            [10]   85 	pop	bc
                             86 ;test.c:19: }
   0026 18 F0         [12]   87 	jr	00102$
                             88 	.area _CODE
                             89 	.area _INITIALIZER
                             90 	.area _CABS (ABS)
